<html>
<body>
<pre>
<h1>µVision Build Log</h1>
<h2>Tool Versions:</h2>
IDE-Version: µVision V5.36.0.0
Copyright (C) 2021 ARM Ltd and ARM Germany GmbH. All rights reserved.
License Information: Sadat Rafi, Ruet, LIC=----
 
Tool Versions:
Toolchain:       MDK-Lite  Version: 5.36.0.0
Toolchain Path:  C:\Keil_v5\ARM\ARMCLANG\Bin
C Compiler:      ArmClang.exe V6.16
Assembler:       Armasm.exe V6.16
Linker/Locator:  ArmLink.exe V6.16
Library Manager: ArmAr.exe V6.16
Hex Converter:   FromElf.exe V6.16
CPU DLL:         SARMCM3.DLL V5.36.0.0
Dialog DLL:      DCM.DLL V1.17.3.0
Target DLL:      STLink\ST-LINKIII-KEIL_SWO.dll V3.0.9.0
Dialog DLL:      TCM.DLL V1.53.0.0
 
<h2>Project:</h2>
D:\ARM DSP\CMSIS DSP 01 - Matrix Addition\Marrix_Addition.uvprojx
Project File Date:  07/26/2022

<h2>Output:</h2>
*** Using Compiler 'V6.16', folder: 'C:\Keil_v5\ARM\ARMCLANG\Bin'
Build target 'Target 1'
matrix_add.c(2): warning: In file included from...
C:/Users/DELL/AppData/Local/Arm/Packs/ARM/CMSIS/5.9.0/CMSIS/DSP/Include\arm_math.h(192): warning: In file included from...
C:/Users/DELL/AppData/Local/Arm/Packs/ARM/CMSIS/5.9.0/CMSIS/DSP/Include/dsp/utils.h(63): warning: implicit conversion changes signedness: 'q31_t' (aka 'int') to 'uint32_t' (aka 'unsigned int') [-Wsign-conversion]
      signBits = ((uint32_t) (__CLZ( in) - 1));
                              ~~~~~  ^~
C:/Users/DELL/AppData/Local/Arm/Packs/ARM/CMSIS/5.9.0/CMSIS/DSP/Include/dsp/utils.h(67): warning: implicit conversion changes signedness: 'q31_t' (aka 'int') to 'uint32_t' (aka 'unsigned int') [-Wsign-conversion]
      signBits = ((uint32_t) (__CLZ(-in) - 1));
                              ~~~~~ ^~~
C:/Users/DELL/AppData/Local/Arm/Packs/ARM/CMSIS/5.9.0/CMSIS/DSP/Include/dsp/utils.h(114): warning: implicit conversion changes signedness: 'q15_t' (aka 'short') to 'uint32_t' (aka 'unsigned int') [-Wsign-conversion]
      signBits = ((uint32_t)(__CLZ( in) - 17));
                             ~~~~~  ^~
C:/Users/DELL/AppData/Local/Arm/Packs/ARM/CMSIS/5.9.0/CMSIS/DSP/Include/dsp/utils.h(118): warning: implicit conversion changes signedness: 'int' to 'uint32_t' (aka 'unsigned int') [-Wsign-conversion]
      signBits = ((uint32_t)(__CLZ(-in) - 17));
                             ~~~~~ ^~~
C:/Users/DELL/AppData/Local/Arm/Packs/ARM/CMSIS/5.9.0/CMSIS/DSP/Include/dsp/utils.h(122): warning: implicit conversion loses integer precision: 'int' to 'q15_t' (aka 'short') [-Wimplicit-int-conversion]
    in = (in << signBits);
       ~  ~~~^~~~~~~~~~~
C:/Users/DELL/AppData/Local/Arm/Packs/ARM/CMSIS/5.9.0/CMSIS/DSP/Include/dsp/utils.h(138): warning: implicit conversion changes signedness: 'q31_t' (aka 'int') to 'unsigned int' [-Wsign-conversion]
      out = (q15_t) (((q31_t) out * tempVal) >> 14);
                      ^~~~~~~~~~~ ~
C:/Users/DELL/AppData/Local/Arm/Packs/ARM/CMSIS/5.9.0/CMSIS/DSP/Include/dsp/utils.h(162): warning: implicit conversion changes signedness: 'int32_t' (aka 'int') to 'uint32_t' (aka 'unsigned int') [-Wsign-conversion]
    n1 = __CLZ(hi) - 32;
         ~~~~~ ^~
C:/Users/DELL/AppData/Local/Arm/Packs/ARM/CMSIS/5.9.0/CMSIS/DSP/Include/dsp/utils.h(168): warning: implicit conversion changes signedness: 'int32_t' (aka 'int') to 'uint32_t' (aka 'unsigned int') [-Wsign-conversion]
        n1 = __CLZ(lo);
             ~~~~~ ^~
C:/Users/DELL/AppData/Local/Arm/Packs/ARM/CMSIS/5.9.0/CMSIS/DSP/Include/dsp/utils.h(204): warning: implicit conversion changes signedness: 'unsigned int' to 'int32_t' (aka 'int') [-Wsign-conversion]
        *normalized = (((uint32_t) lo) >> n1) | (hi << (32 - n1));
                    ~ ~~~~~~~~~~~~~~~~~~~~~~~~^~~~~~~~~~~~~~~~~~~
C:/Users/DELL/AppData/Local/Arm/Packs/ARM/CMSIS/5.9.0/CMSIS/DSP/Include/dsp/utils.h(204): warning: implicit conversion changes signedness: 'int32_t' (aka 'int') to 'unsigned int' [-Wsign-conversion]
        *normalized = (((uint32_t) lo) >> n1) | (hi << (32 - n1));
                                              ~  ~~~^~~~~~~~~~~~
C:/Users/DELL/AppData/Local/Arm/Packs/ARM/CMSIS/5.9.0/CMSIS/DSP/Include/dsp/utils.h(219): warning: operand of ? changes signedness: 'q63_t' (aka 'long long') to 'uint64_t' (aka 'unsigned long long') [-Wsign-conversion]
    absNum = num > 0 ? num : -num;
           ~           ^~~
C:/Users/DELL/AppData/Local/Arm/Packs/ARM/CMSIS/5.9.0/CMSIS/DSP/Include/dsp/utils.h(219): warning: operand of ? changes signedness: 'q63_t' (aka 'long long') to 'uint64_t' (aka 'unsigned long long') [-Wsign-conversion]
    absNum = num > 0 ? num : -num;
           ~                 ^~~~
matrix_add.c(2): warning: In file included from...
C:/Users/DELL/AppData/Local/Arm/Packs/ARM/CMSIS/5.9.0/CMSIS/DSP/Include\arm_math.h(205): warning: In file included from...
C:/Users/DELL/AppData/Local/Arm/Packs/ARM/CMSIS/5.9.0/CMSIS/DSP/Include/dsp/transform_functions.h(308): warning: padding struct 'arm_cfft_instance_f64' with 2 bytes to align 'pTwiddle' [-Wpadded]
    const float64_t *pTwiddle;         /**< points to the Twiddle factor table. */
                     ^
C:/Users/DELL/AppData/Local/Arm/Packs/ARM/CMSIS/5.9.0/CMSIS/DSP/Include/dsp/transform_functions.h(305): warning: padding size of 'arm_cfft_instance_f64' with 2 bytes to alignment boundary [-Wpadded]
  typedef struct
          ^
C:/Users/DELL/AppData/Local/Arm/Packs/ARM/CMSIS/5.9.0/CMSIS/DSP/Include/dsp/transform_functions.h(276): warning: padding struct 'arm_cfft_instance_f32' with 2 bytes to align 'pTwiddle' [-Wpadded]
    const float32_t *pTwiddle;         /**< points to the Twiddle factor table. */
                     ^
C:/Users/DELL/AppData/Local/Arm/Packs/ARM/CMSIS/5.9.0/CMSIS/DSP/Include/dsp/transform_functions.h(273): warning: padding size of 'arm_cfft_instance_f32' with 2 bytes to alignment boundary [-Wpadded]
  typedef struct
          ^
16 warnings generated.
compiling matrix_add.c...
linking...
Program Size: Code=564 RO-data=484 RW-data=0 ZI-data=1632  
".\Objects\Marrix_Addition.axf" - 0 Error(s), 16 Warning(s).

<h2>Software Packages used:</h2>

Package Vendor: ARM
                http://www.keil.com/pack/ARM.CMSIS.5.9.0.pack
                ARM.CMSIS.5.9.0
                CMSIS (Common Microcontroller Software Interface Standard)
   * Component: CORE Version: 5.6.0
   * Component: DSP Variant: Source Version: 1.10.0

Package Vendor: Keil
                http://www.keil.com/pack/Keil.STM32F4xx_DFP.2.16.0.pack
                Keil.STM32F4xx_DFP.2.16.0
                STMicroelectronics STM32F4 Series Device Support, Drivers and Examples
   * Component: Startup Version: 2.6.3

<h2>Collection of Component include folders:</h2>
  .\RTE\_Target_1
  C:\Users\DELL\AppData\Local\Arm\Packs\ARM\CMSIS\5.9.0\CMSIS\Core\Include
  C:\Users\DELL\AppData\Local\Arm\Packs\ARM\CMSIS\5.9.0\CMSIS\DSP\Include
  C:\Users\DELL\AppData\Local\Arm\Packs\ARM\CMSIS\5.9.0\CMSIS\DSP\PrivateInclude
  C:\Users\DELL\AppData\Local\Arm\Packs\Keil\STM32F4xx_DFP\2.16.0\Drivers\CMSIS\Device\ST\STM32F4xx\Include

<h2>Collection of Component Files used:</h2>

   * Component: ARM::CMSIS:CORE:5.6.0

   * Component: ARM::CMSIS:DSP:Source:1.10.0
      Include file:  CMSIS\DSP\Include\arm_math_f16.h
      Include file:  CMSIS\DSP\Include\arm_math.h
      Include file:  CMSIS\DSP\Include\arm_common_tables.h
      Include file:  CMSIS\DSP\Include\arm_common_tables_f16.h
      Include file:  CMSIS\DSP\Include\arm_const_structs.h
      Source file:   CMSIS\DSP\Source\ComplexMathFunctions\ComplexMathFunctions.c
      Source file:   CMSIS\DSP\Source\SVMFunctions\SVMFunctions.c
      Source file:   CMSIS\DSP\Source\MatrixFunctions\MatrixFunctions.c
      Source file:   CMSIS\DSP\Source\MatrixFunctions\MatrixFunctionsF16.c
      Source file:   CMSIS\DSP\Source\SupportFunctions\SupportFunctionsF16.c
      Source file:   CMSIS\DSP\Source\FastMathFunctions\FastMathFunctionsF16.c
      Source file:   CMSIS\DSP\Source\BayesFunctions\BayesFunctionsF16.c
      Source file:   CMSIS\DSP\Source\CommonTables\CommonTablesF16.c
      Source file:   CMSIS\DSP\Source\FastMathFunctions\FastMathFunctions.c
      Source file:   CMSIS\DSP\Source\ControllerFunctions\ControllerFunctions.c
      Source file:   CMSIS\DSP\Source\SupportFunctions\SupportFunctions.c
      Source file:   CMSIS\DSP\Source\BasicMathFunctions\BasicMathFunctions.c
      Source file:   CMSIS\DSP\Source\StatisticsFunctions\StatisticsFunctionsF16.c
      Source file:   CMSIS\DSP\Source\DistanceFunctions\DistanceFunctionsF16.c
      Source file:   CMSIS\DSP\Source\StatisticsFunctions\StatisticsFunctions.c
      Source file:   CMSIS\DSP\Source\SVMFunctions\SVMFunctionsF16.c
      Source file:   CMSIS\DSP\Source\ComplexMathFunctions\ComplexMathFunctionsF16.c
      Source file:   CMSIS\DSP\Source\FilteringFunctions\FilteringFunctions.c
      Source file:   CMSIS\DSP\Source\BayesFunctions\BayesFunctions.c
      Source file:   CMSIS\DSP\Source\QuaternionMathFunctions\QuaternionMathFunctions.c
      Source file:   CMSIS\DSP\Source\TransformFunctions\TransformFunctions.c
      Source file:   CMSIS\DSP\Source\BasicMathFunctions\BasicMathFunctionsF16.c
      Source file:   CMSIS\DSP\Source\TransformFunctions\TransformFunctionsF16.c
      Source file:   CMSIS\DSP\Source\InterpolationFunctions\InterpolationFunctionsF16.c
      Source file:   CMSIS\DSP\Source\DistanceFunctions\DistanceFunctions.c
      Source file:   CMSIS\DSP\Source\InterpolationFunctions\InterpolationFunctions.c
      Include file:  CMSIS\DSP\Include\arm_const_structs_f16.h
      Source file:   CMSIS\DSP\Source\CommonTables\CommonTables.c
      Source file:   CMSIS\DSP\Source\FilteringFunctions\FilteringFunctionsF16.c

   * Component: Keil::Device:Startup:2.6.3
      Source file:   MDK\Device\Source\ARM\STM32F401xx_OPT.s
      Source file:   MDK\Device\Source\ARM\STM32F4xx_OTP.s
      Include file:  Drivers\CMSIS\Device\ST\STM32F4xx\Include\stm32f4xx.h
      Source file:   Drivers\CMSIS\Device\ST\STM32F4xx\Source\Templates\arm\startup_stm32f401xc.s
      Source file:   Drivers\CMSIS\Device\ST\STM32F4xx\Source\Templates\system_stm32f4xx.c
Build Time Elapsed:  00:00:02
</pre>
</body>
</html>
